Γû▓ Next.js 16.2.1 (Turbopack)
- Environments: .env.local

  Creating an optimized production build ...
node.exe : 
At line:1 char:1
+ & "C:\Program 
Files\nodejs/node.exe" 
"C:\Users\RLS\AppData\R
oaming\np ...
+ ~~~~~~~~~~~~~~~~~~~~~
~~~~~~~~~~~~~~~~~~~~~~~
~~~~~~~~~~~~~~~~~~~~~~~
~~
    + CategoryInfo     
         : NotSpecifi  
  ed: (:String) [],    
 RemoteException
    + FullyQualifiedEr 
   rorId : NativeComm  
  andError
 
> Build error occurred
Error: Turbopack build 
failed with 6 errors:
./src/app/seller/page.t
sx:5:1
Export ArrowForward 
doesn't exist in 
target module
  [90m3 |[0m ...tate 
} [36mfrom[0m 
[32m"react"[0m;
  [90m4 |[0m ...
[31m[1m>[0m [90m5 
|[0m ...[33mr[0m, 
[33mIndianRupee[0m, 
[33mPlus[0m, 
[33mArrowUpward[0m, 
[33mMoreVertical[0m, 
[33mUtensils[0m, [33
mMessageSquare[0m, 
[33mMegaphone[0m, 
[33mArr...[0m
  [90m  |[0m    [31m
[1m^^^^^^^^^^^^^^^^^^^
^^^^^^^^^^^^^^^^^^^^^^^
^^^^^^^^^^^^^^^^^^^^^^^
^^^^^^^^^^^^^^^^^^^^^^^
^^^[0m
  [90m6 |[0m 
...[32m/supabase"[0m;
  [90m7 |[0m ...
  [90m8 |[0m ...[33m
ashboardPage[0m() {

The export 
ArrowForward was not 
found in module [projec
t]/node_modules/lucide-
react/dist/esm/lucide-r
eact.js [app-client] 
(ecmascript).
Did you mean to import 
ArrowDownWideNarrow?
All exports of the 
module are statically 
known (It doesn't have 
dynamic exports). So 
it's known statically 
that the requested 
export doesn't exist.

Import traces:
  Client Component 
Browser:
    ./src/app/seller/pa
ge.tsx [Client 
Component Browser]
    ./src/app/seller/pa
ge.tsx [Server 
Component]

  Client Component SSR:
    ./src/app/seller/pa
ge.tsx [Client 
Component SSR]
    ./src/app/seller/pa
ge.tsx [Server 
Component]


./src/app/seller/page.t
sx:5:1
Export ArrowForward 
doesn't exist in 
target module
  [90m3 |[0m ...tate 
} [36mfrom[0m 
[32m"react"[0m;
  [90m4 |[0m ...
[31m[1m>[0m [90m5 
|[0m ...[33mr[0m, 
[33mIndianRupee[0m, 
[33mPlus[0m, 
[33mArrowUpward[0m, 
[33mMoreVertical[0m, 
[33mUtensils[0m, [33
mMessageSquare[0m, 
[33mMegaphone[0m, 
[33mArr...[0m
  [90m  |[0m    [31m
[1m^^^^^^^^^^^^^^^^^^^
^^^^^^^^^^^^^^^^^^^^^^^
^^^^^^^^^^^^^^^^^^^^^^^
^^^^^^^^^^^^^^^^^^^^^^^
^^^[0m
  [90m6 |[0m 
...[32m/supabase"[0m;
  [90m7 |[0m ...
  [90m8 |[0m ...[33m
ashboardPage[0m() {

The export 
ArrowForward was not 
found in module [projec
t]/node_modules/lucide-
react/dist/esm/lucide-r
eact.js [app-ssr] 
(ecmascript).
Did you mean to import 
ArrowDownWideNarrow?
All exports of the 
module are statically 
known (It doesn't have 
dynamic exports). So 
it's known statically 
that the requested 
export doesn't exist.

Import traces:
  Client Component 
Browser:
    ./src/app/seller/pa
ge.tsx [Client 
Component Browser]
    ./src/app/seller/pa
ge.tsx [Server 
Component]

  Client Component SSR:
    ./src/app/seller/pa
ge.tsx [Client 
Component SSR]
    ./src/app/seller/pa
ge.tsx [Server 
Component]


./src/app/seller/page.t
sx:5:1
Export ArrowUpward 
doesn't exist in 
target module
  [90m3 |[0m ...tate 
} [36mfrom[0m 
[32m"react"[0m;
  [90m4 |[0m ...
[31m[1m>[0m [90m5 
|[0m ...[33mr[0m, 
[33mIndianRupee[0m, 
[33mPlus[0m, 
[33mArrowUpward[0m, 
[33mMoreVertical[0m, 
[33mUtensils[0m, [33
mMessageSquare[0m, 
[33mMegaphone[0m, 
[33mArr...[0m
  [90m  |[0m    [31m
[1m^^^^^^^^^^^^^^^^^^^
^^^^^^^^^^^^^^^^^^^^^^^
^^^^^^^^^^^^^^^^^^^^^^^
^^^^^^^^^^^^^^^^^^^^^^^
^^^[0m
  [90m6 |[0m 
...[32m/supabase"[0m;
  [90m7 |[0m ...
  [90m8 |[0m ...[33m
ashboardPage[0m() {

The export ArrowUpward 
was not found in 
module [project]/node_m
odules/lucide-react/dis
t/esm/lucide-react.js 
[app-client] 
(ecmascript).
Did you mean to import 
ArrowUp?
All exports of the 
module are statically 
known (It doesn't have 
dynamic exports). So 
it's known statically 
that the requested 
export doesn't exist.

Import traces:
  Client Component 
Browser:
    ./src/app/seller/pa
ge.tsx [Client 
Component Browser]
    ./src/app/seller/pa
ge.tsx [Server 
Component]

  Client Component SSR:
    ./src/app/seller/pa
ge.tsx [Client 
Component SSR]
    ./src/app/seller/pa
ge.tsx [Server 
Component]


./src/app/seller/page.t
sx:5:1
Export ArrowUpward 
doesn't exist in 
target module
  [90m3 |[0m ...tate 
} [36mfrom[0m 
[32m"react"[0m;
  [90m4 |[0m ...
[31m[1m>[0m [90m5 
|[0m ...[33mr[0m, 
[33mIndianRupee[0m, 
[33mPlus[0m, 
[33mArrowUpward[0m, 
[33mMoreVertical[0m, 
[33mUtensils[0m, [33
mMessageSquare[0m, 
[33mMegaphone[0m, 
[33mArr...[0m
  [90m  |[0m    [31m
[1m^^^^^^^^^^^^^^^^^^^
^^^^^^^^^^^^^^^^^^^^^^^
^^^^^^^^^^^^^^^^^^^^^^^
^^^^^^^^^^^^^^^^^^^^^^^
^^^[0m
  [90m6 |[0m 
...[32m/supabase"[0m;
  [90m7 |[0m ...
  [90m8 |[0m ...[33m
ashboardPage[0m() {

The export ArrowUpward 
was not found in 
module [project]/node_m
odules/lucide-react/dis
t/esm/lucide-react.js 
[app-ssr] (ecmascript).
Did you mean to import 
ArrowUp?
All exports of the 
module are statically 
known (It doesn't have 
dynamic exports). So 
it's known statically 
that the requested 
export doesn't exist.

Import traces:
  Client Component 
Browser:
    ./src/app/seller/pa
ge.tsx [Client 
Component Browser]
    ./src/app/seller/pa
ge.tsx [Server 
Component]

  Client Component SSR:
    ./src/app/seller/pa
ge.tsx [Client 
Component SSR]
    ./src/app/seller/pa
ge.tsx [Server 
Component]


./src/app/seller/add-fo
od/page.tsx:5:1
Export Drafts doesn't 
exist in target module
  [90m3 |[0m 
[36mimport[0m 
[33mReact[0m, { 
useState, useRef } 
[36mfrom[0m 
[32m"react"[0m;
  [90m4 |[0m 
[36mimport[0m { 
useRouter } 
[36mfrom[0m [32m"nex
t/navigation"[0m;
[31m[1m>[0m [90m5 
|[0m [36mimport[0m 
{ [33mCamera[0m, 
[33mLightbulb[0m, 
[33mSend[0m, 
[33mDrafts[0m, 
[33mChevronDown[0m, 
[33mLoader2[0m } 
[36mfrom[0m [32m"luc
ide-react"[0m;
  [90m  |[0m [31m[1
m^^^^^^^^^^^^^^^^^^^^^^
^^^^^^^^^^^^^^^^^^^^^^^
^^^^^^^^^^^^^^^^^^^^^^^
^^^^^^^^^^^^^^^^^[0m
  [90m6 |[0m 
[36mimport[0m { 
supabase } 
[36mfrom[0m [32m"@/l
ib/supabase"[0m;
  [90m7 |[0m
  [90m8 |[0m 
[36mexport[0m 
[36mdefault[0m 
[36mfunction[0m 
[33mAddFoodPage[0m() 
{

The export Drafts was 
not found in module [pr
oject]/node_modules/luc
ide-react/dist/esm/luci
de-react.js 
[app-client] 
(ecmascript).
Did you mean to import 
DraftingCompassIcon?
All exports of the 
module are statically 
known (It doesn't have 
dynamic exports). So 
it's known statically 
that the requested 
export doesn't exist.

Import traces:
  Client Component 
Browser:
    ./src/app/seller/ad
d-food/page.tsx 
[Client Component 
Browser]
    ./src/app/seller/ad
d-food/page.tsx 
[Server Component]

  Client Component SSR:
    ./src/app/seller/ad
d-food/page.tsx 
[Client Component SSR]
    ./src/app/seller/ad
d-food/page.tsx 
[Server Component]


./src/app/seller/add-fo
od/page.tsx:5:1
Export Drafts doesn't 
exist in target module
  [90m3 |[0m 
[36mimport[0m 
[33mReact[0m, { 
useState, useRef } 
[36mfrom[0m 
[32m"react"[0m;
  [90m4 |[0m 
[36mimport[0m { 
useRouter } 
[36mfrom[0m [32m"nex
t/navigation"[0m;
[31m[1m>[0m [90m5 
|[0m [36mimport[0m 
{ [33mCamera[0m, 
[33mLightbulb[0m, 
[33mSend[0m, 
[33mDrafts[0m, 
[33mChevronDown[0m, 
[33mLoader2[0m } 
[36mfrom[0m [32m"luc
ide-react"[0m;
  [90m  |[0m [31m[1
m^^^^^^^^^^^^^^^^^^^^^^
^^^^^^^^^^^^^^^^^^^^^^^
^^^^^^^^^^^^^^^^^^^^^^^
^^^^^^^^^^^^^^^^^[0m
  [90m6 |[0m 
[36mimport[0m { 
supabase } 
[36mfrom[0m [32m"@/l
ib/supabase"[0m;
  [90m7 |[0m
  [90m8 |[0m 
[36mexport[0m 
[36mdefault[0m 
[36mfunction[0m 
[33mAddFoodPage[0m() 
{

The export Drafts was 
not found in module [pr
oject]/node_modules/luc
ide-react/dist/esm/luci
de-react.js [app-ssr] 
(ecmascript).
Did you mean to import 
DraftingCompassIcon?
All exports of the 
module are statically 
known (It doesn't have 
dynamic exports). So 
it's known statically 
that the requested 
export doesn't exist.

Import traces:
  Client Component 
Browser:
    ./src/app/seller/ad
d-food/page.tsx 
[Client Component 
Browser]
    ./src/app/seller/ad
d-food/page.tsx 
[Server Component]

  Client Component SSR:
    ./src/app/seller/ad
d-food/page.tsx 
[Client Component SSR]
    ./src/app/seller/ad
d-food/page.tsx 
[Server Component]


    at <unknown> (./src
/app/seller/page.tsx:5:
1)
    at <unknown> (./src
/app/seller/page.tsx:5:
1)
    at <unknown> (./src
/app/seller/page.tsx:5:
1)
    at <unknown> (./src
/app/seller/page.tsx:5:
1)
    at <unknown> (./src
/app/seller/add-food/pa
ge.tsx:5:1)
    at <unknown> (./src
/app/seller/add-food/pa
ge.tsx:5:1)
